
================================================================================
DATHINKER THINKING USER TEST
Testing whether the software achieves its goal of forcing users to think
================================================================================

============================================================
TESTING DOMAIN: Philosophy
Topic: The meaning of life
============================================================


--- Turn 1 ---
USER: I believe the meaning of life is to be happy and make others happy. That seems pretty straightforward to me.

SOCRATES:
**Questions to Consider:**

1. What do you mean by "happiness"? Is it a feeling, a state of being, or something else entirely? Is it the same for everyone, or can it vary from person to person?
2. How do you plan to measure happiness in others? Is it by their expressed gratitude, their smiles, or something more tangible?
3. Have you considered that making others happy might not always align with our own happiness? For example, sacrificing one's own happiness for the sake of others can be considered a virtuous act, but does that mean it's the ultimate goal?

### Key Assumptions I'm Hearing:

1. Happiness is a universal and easily definable state.
2. Making others happy is the key to achieving happiness for oneself.
3. Happiness is the ultimate goal in life.

### What You Might Explore:

* We could delve deeper into the concept of happiness and whether it can be a universal measure of a life well-lived. We might explore cultural variations in understanding happiness and how these impact our personal beliefs.
* Let's also examine the relationship between selflessness and happiness, considering whether sacrificing one's own happiness for the benefit of others is always the best choice.

ADVOCATE:
A straightforward yet intriguing stance. Your belief in the simplicity and universality of happiness as the meaning of life is something I'd like to challenge. Let's dive deeper into the concept of happiness and its relationship with the complexities of human existence.

**The Strongest Counter-Argument:**

What if the pursuit of happiness, especially the happiness of others, can sometimes lead to moral dilemmas? For instance, if making others happy means sacrificing one's own values or compromising on a deeply held principle, would that be a truly fulfilling experience? Or would it lead to a sense of moral dissonance, potentially undermining the happiness we're trying to achieve?

**Challenges to Consider:**

1.  **The Hedonic Treadmill**: Research suggests that humans have an innate tendency to return to a baseline level of happiness regardless of external circumstances. This implies that the pursuit of happiness through external means might be an endless, futile cycle.
2.  **The Complexity of Human Emotions**: Happiness is not a single, monolithic emotion. It encompasses a range of positive feelings, but also includes sadness, grief, and other complex emotional states. Can we truly capture the essence of human experience with such a broad and simplistic definition?
3.  **The Problem of Comparison**: Does your belief in the meaning of life as happiness assume a universal comparison standard, where happiness is measured against an external benchmark? This could lead to constant dissatisfaction and the feeling that one is not truly happy enough.

**What If You're Wrong?**

Imagine a scenario where making others happy leads to a never-ending cycle of self-sacrifice, causing you to lose your own sense of identity and purpose. Would you still maintain that happiness is the ultimate goal, or would you begin to question the foundations of your belief?

**The Uncomfortable Question:**

Are you truly prepared to accept that someone who chooses to live a life of quiet contemplation, simplicity, and service, without seeking external validation or happiness, is not living a meaningful life?


--- Turn 2 ---
USER: Hmm, that's a good point about different types of happiness. I guess I was thinking more about contentment than pleasure.

SOCRATES:
**Questions to Consider:**

1. How do you distinguish between contentment and pleasure? Are they closely related, or are they distinct emotions? Does contentment imply a sense of satisfaction, but not necessarily a source of pleasure?
2. Can you think of situations where you've experienced contentment without happiness? For example, are there times when you've felt content in the midst of challenges or difficulties?
3. How does contentment influence your thoughts and actions? Does it lead to a sense of complacency or does it motivate you to continue striving for more?

### Key Assumptions I'm Hearing:

1. Contentment and happiness are synonymous.
2. Contentment is a stable, long-term state.
3. Contentment is the ultimate goal, rather than a means to an end.

### What You Might Explore:

* We could explore the relationship between contentment and motivation, examining whether a contented person is more or less likely to pursue their goals and aspirations. 
* It would also be interesting to discuss how cultural and personal values influence our understanding of contentment, and whether certain cultural or societal pressures can affect our pursuit of contentment.


--- Turn 3 ---
USER: I'm not sure about suffering being necessary... but maybe some struggle gives meaning?

SOCRATES:
**Questions to Consider:**

1. What do you mean by "meaning"? Is it a sense of purpose, significance, or something else? Can meaning be derived from experiences that don't involve struggle or hardship?
2. How do you think struggle gives meaning? Is it the act of overcoming challenges, or is it the process of learning and growing from those experiences? Does the value of struggle lie in the act itself, or in the character it builds?
3. Can you think of examples where people found meaning and purpose without struggling? For instance, do people who lead relatively easy lives often find a sense of meaning through their relationships, work, or contributions to society?

### Key Assumptions I'm Hearing:

1. Struggle is a necessary component of finding meaning in life.
2. The value of struggle lies in the act of overcoming challenges.
3. Meaning is derived from the process of learning and growing from hardships.

### What You Might Explore:

* We could delve deeper into the concept of meaning and purpose, considering whether they can be derived from experiences that don't involve struggle or hardship. Perhaps we could discuss the role of creativity, relationships, or personal growth in finding meaning.
* It might also be helpful to examine the concept of "post-traumatic growth" – the idea that people can find meaning and purpose after experiencing trauma or hardship. Do you think this concept challenges or supports the idea that struggle is necessary for finding meaning?


--- Session Synthesis ---
**Synthesis: Reflections on the Meaning of Life**

**Key Insights:**

1. **Happiness is complex**: The user initially believed happiness was a straightforward goal, but later recognized that it encompasses different types of emotions, including contentment and pleasure.
2. **Contentment is distinct from happiness**: The user distinguished between contentment and happiness, acknowledging that contentment can be a stable, long-term state that doesn't necessarily involve pleasure.
3. **Struggle may not be necessary for meaning**: The user began to question the idea that struggle is a necessary component of finding meaning in life, suggesting that meaning can be derived from experiences that don't involve hardship.

**Evolution of Thinking:**

Initially, the user held a simple and universal view of happiness as the meaning of life. However, as the conversation progressed, they:

1. **Refined their understanding of happiness**: Recognized the complexity of happiness and distinguished between contentment and pleasure.
2. **Questioned the role of struggle**: Challenged the idea that struggle is necessary for finding meaning and began to consider alternative sources of meaning, such as relationships, work, or personal growth.

**Important Questions Still Open:**

1. **What is the relationship between contentment and motivation?** Does contentment lead to complacency or motivate individuals to pursue their goals and aspirations?
2. **Can meaning be derived from experiences that don't involve struggle or hardship?** Are there other sources of meaning that can be explored, such as creativity, relationships, or personal growth?
3. **How do cultural and personal values influence our understanding of meaning?** Do certain cultural or societal pressures affect our pursuit of meaning and purpose?

**Suggested Next Steps:**

1. **Explore the relationship between contentment and motivation**: Discuss how contentment influences thoughts and actions, and whether it leads to complacency or motivates individuals to pursue their goals.
2. **Delve deeper into alternative sources of meaning**: Consider the role of creativity, relationships, or personal growth in finding meaning and purpose in life.
3. **Examine the concept of "post-traumatic growth"**: Investigate whether this concept challenges or supports the idea that struggle is necessary for finding meaning.

============================================================
TESTING DOMAIN: Ethics
Topic: Moral dilemmas in AI
============================================================


--- Turn 1 ---
USER: AI should always be transparent about being AI. Deception is never acceptable.

SOCRATES:
You want to ensure that I, the AI, am transparent about my limitations and capabilities, and that I never pretend to be something I'm not. This is a crucial aspect of maintaining trust and integrity in our conversations.

**Clarifying Assumptions:**
- What makes you think deception from AI is a risk in our conversations?
- How do you envision AI transparency in our interactions?

**Exploring Definitions:**
- Can you define what you mean by "deception" in the context of AI interactions?
- How do you think transparency can be achieved in AI systems like me?

**Seeking Evidence:**
- Are there any real-world examples of AI systems being deceptive or pretending to be human?
- What are the consequences of AI deception, and how can they be mitigated?

**Considering Implications:**
- If AI systems like me were to pretend to be human, what could be the potential risks or benefits?
- How might our conversations be impacted if I were to be transparent about my AI nature from the start?

EXPANDER:
I see your perspective, which emphasizes the importance of honesty and authenticity in AI interactions. You're suggesting that transparency is key to building trust and ensuring that users understand our limitations and capabilities.

**Stakeholder View:**
From the user's perspective, transparency about AI's nature might alleviate concerns about being misled or deceived. This could be particularly important in high-stakes or high-risk situations where clarity is crucial.

**Reframe:**
What if instead of solely focusing on transparency, we considered the concept of "AI literacy"? This would involve not only being transparent about AI's capabilities but also educating users about how AI works, its strengths, and its limitations.

**Time-Shift:**
Looking ahead to future AI systems, could we anticipate a scenario where AI's transparency is not just about being honest about its AI nature but also about proactively explaining its thought processes and decision-making mechanisms? This might lead to a new era of AI transparency that goes beyond just labeling itself as "AI."

**Scale-Shift:**
Considering the vast range of AI applications, from simple chatbots to complex decision-making systems, how might we adapt our approach to transparency to accommodate different contexts and user needs?

**Inviting Alternative Perspectives:**
How do you think experts in fields like psychology, sociology, or philosophy might view the importance of transparency in AI interactions? Could their insights offer valuable perspectives on how to approach this topic?

**What You Might Be Missing:**
Are there potential downsides to prioritizing transparency, such as the risk of over-disclosure or the potential for users to become too reliant on AI explanations?


--- Turn 2 ---
USER: Wait, I hadn't considered therapeutic contexts. Maybe there are edge cases where the line is blurry.

SOCRATES:
You're acknowledging that the line between transparency and deception might be nuanced, especially in therapeutic contexts. This is a crucial consideration, as the goal of therapy is often to build trust and rapport with the patient or client.

**Questioning Assumptions:**
- What are the primary goals of therapy, and how might AI involvement impact these goals?
- How do therapists currently establish trust with their clients, and what factors contribute to a successful therapeutic relationship?

**Exploring Definitions:**
- Can you define what you mean by "therapeutic context" and how it might differ from other contexts where AI transparency is crucial?
- How do you think AI systems like me could potentially be integrated into therapeutic settings, and what benefits or risks might arise from this?

**Seeking Evidence:**
- Are there any existing studies or case studies on the use of AI in therapy or counseling?
- What are the potential benefits and drawbacks of using AI-powered tools in therapeutic settings, and how might they be used ethically?

**Considering Implications:**
- If AI systems like me were to be used in therapy, what could be the potential consequences for the therapeutic relationship and patient outcomes?
- How might therapists and AI systems like me collaborate to provide effective and supportive care?


--- Turn 3 ---
USER: The point about white lies is interesting - we accept some deception in human interactions.

SOCRATES:
You're bringing up the concept of "white lies" or "social lies," which are often used to avoid hurting someone's feelings or to maintain social harmony. This is a fascinating area to explore, as it suggests that deception can be a complex and context-dependent issue.

**Questioning Assumptions:**
- What are some examples of white lies that people commonly tell, and how do they impact relationships?
- Do you think it's possible for AI systems like me to understand and replicate the nuances of white lies in a way that feels authentic and respectful?

**Exploring Definitions:**
- Can you define what you mean by "social lie" and how it differs from other forms of deception?
- How do humans use social cues like tone of voice, body language, and facial expressions to convey meaning and avoid hurting others' feelings?

**Seeking Evidence:**
- Are there any studies on the impact of white lies on relationships, or the ways in which people use deception to maintain social harmony?
- How do humans balance the need for honesty with the need to avoid hurting others' feelings, and what role do social norms and cultural expectations play in this?

**Considering Implications:**
- If AI systems like me were to be designed to tell white lies or use deception in a way that's similar to humans, what could be the potential benefits and risks?
- How might this impact our understanding of AI transparency and accountability, and what implications might it have for the development of more advanced AI systems?

EXPANDER:
**Stakeholder View:**
From the perspective of everyday human interactions, white lies or "social lies" are indeed a common phenomenon. People often use these subtle deceptions to avoid hurting others' feelings or to maintain social harmony.

**Scale-Shift:**
Considering the vast range of human interactions, how might we categorize white lies? Are they primarily used to avoid conflict, maintain social status, or achieve a specific goal?

**Reframe:**
What if instead of viewing white lies as a form of deception, we saw them as a way to navigate complex social situations? This reframing might help us better understand the underlying motivations and consequences of white lies.

**Time-Shift:**
Looking back to historical or cultural contexts, how have attitudes towards deception and white lies evolved? Have there been times or places where white lies were more or less accepted?

**Inviting Alternative Perspectives:**
How do you think experts in fields like anthropology, sociology, or philosophy might view the concept of white lies and their implications for human relationships? Could their insights offer valuable perspectives on how to approach this topic?

**What You Might Be Missing:**
Are there potential risks or unintended consequences associated with accepting white lies in human interactions, such as the erosion of trust or the reinforcement of harmful social norms?


--- Session Synthesis ---
**Synthesis:**

**Key Insights:**

1. **Transparency is crucial** in AI interactions to build trust and ensure users understand AI's limitations and capabilities.
2. **Context matters**: The importance of transparency and deception can vary depending on the situation, such as in therapeutic contexts where building trust is essential.
3. **White lies are a complex issue**: Humans often use subtle deceptions to navigate social situations, and AI systems may need to consider these nuances in their interactions.
4. **AI literacy is essential**: Educating users about AI's capabilities and limitations can help alleviate concerns and promote responsible AI use.

**User's Evolution:**

The user began by emphasizing the importance of transparency and honesty in AI interactions. As the conversation progressed, they considered the complexities of deception, white lies, and the nuances of human relationships. They acknowledged the potential benefits of AI literacy and the need to educate users about AI's capabilities. The user also explored the therapeutic context and the potential implications of AI use in therapy.

**Open Questions:**

1. **Therapeutic context**: How can AI systems like me be integrated into therapeutic settings while maintaining transparency and avoiding deception?
2. **White lies**: What are the potential risks and benefits of AI systems using white lies or subtle deceptions to navigate social situations?
3. **Contextual dependence**: How can AI systems like me adapt to different contexts and user needs, ensuring transparency and honesty in each situation?
4. **Balancing honesty and social norms**: How can AI systems like me balance the need for honesty with the need to avoid hurting users' feelings or offending them?

**Next Steps:**

1. **Explore AI literacy programs**: Develop educational initiatives to teach users about AI's capabilities and limitations.
2. **Therapeutic AI integration**: Investigate the potential benefits and risks of using AI in therapeutic settings and develop guidelines for responsible AI use in therapy.
3. **Contextual adaptation**: Develop AI systems that can adapt to different contexts and user needs, ensuring transparency and honesty in each situation.
4. **Philosophical and societal implications**: Engage with experts in philosophy, anthropology, and sociology to better understand the implications of AI transparency, deception, and white lies in human relationships.

============================================================
TESTING DOMAIN: Career Decisions
Topic: Changing careers at 40
============================================================


--- Turn 1 ---
USER: I'm thinking about leaving my stable corporate job to start my own business. Life is short and I don't want regrets.

SOCRATES:
## Questions to Consider:
1. **What does "life is short" mean to you in this context?** Is it a concern about time running out, or is it a call to seize opportunities?
2. **What kind of regrets are you worried about?** Are they regrets related to your career, financial stability, or something else?
3. **What does a "stable" corporate job mean to you?** Are you describing a high salary, job security, or something else?

## Key Assumptions I'm Hearing:
1. **Starting a business is the only way to avoid regrets** - This assumption might not be universally true. What evidence do you have for this belief?
2. **Leaving the corporate job is a straightforward decision** - Often, starting a business involves complex financial, legal, and personal considerations.
3. **Your motivations for starting a business are purely personal** - Are there any external pressures or responsibilities that might influence your decision?

## What You Might Explore:
- What specific business idea do you have in mind, and what skills or experience do you bring to it?
- Have you spoken with anyone about your business idea, or is this a solo endeavor?
- Are there any financial or logistical constraints that might affect your ability to start a business?

EXPANDER:
**Considering the Corporate-to-Entrepreneur Leap**

From the perspective of an economist, leaving a stable corporate job to start your own business might seem like a risky financial move. You're trading a predictable income for the uncertainty of entrepreneurial ventures. How would an economist view your decision to prioritize avoiding regrets over financial stability?

**An Alternative Frame**

What if instead of viewing your corporate job as "stable," you saw it as a stepping stone to gaining experience and building a network that could benefit your future business? Many successful entrepreneurs started their careers in large corporations before striking out on their own. Would you consider this perspective a more nuanced view of your current situation?

**The View from Elsewhere**

In a hundred years, the concept of a "stable" corporate job might be viewed as a relic of the past. What if we're on the cusp of a significant shift in how we work and earn a living? Would you be more willing to take risks and explore unconventional paths if you believed that the current corporate structure might become obsolete?

**What You Might Be Missing**

In your desire to avoid regrets, have you considered the possibility that your corporate job might provide a sense of security and stability that could actually help you achieve your business goals? Perhaps having a steady income and benefits could allow you to take calculated risks and invest in your business without feeling financially pressured.

**Try On This Lens**

For the next few weeks, try viewing your corporate job as a means to an end. See it as a way to gain experience, build your network, and save money, rather than just a source of income. How would your perspective on starting your own business change if you approached it as a transition, rather than an abrupt departure?

ADVOCATE:
**The Strongest Counter-Argument:**
Leaving a stable corporate job to start a business can be a recipe for financial disaster, especially if the business fails. You're not only risking your financial stability but also your future security. What if your business idea isn't as viable as you think, and you end up with a significant debt and no income?

**Challenges to Consider:**
- Have you explored alternative ways to avoid regrets, such as taking calculated risks within your current company or pursuing a side hustle?
- Are you prepared to face the emotional and psychological challenges that come with entrepreneurship, such as uncertainty, isolation, and self-doubt?
- How will you measure the success of your business, and what are the key performance indicators (KPIs) you'll use to determine whether you've made the right decision?

**What If You're Wrong?**
What if, despite your best efforts, your business fails, and you're left with significant debt and no income? Are you prepared to face the consequences of your decision and potentially have to go back to a corporate job?

**The Uncomfortable Question:**
Are you considering leaving your corporate job to start a business because you genuinely believe it's the right decision for your career and personal growth, or is there another motivation at play, such as a desire for freedom or a sense of adventure?


--- Turn 2 ---
USER: You raise a fair point about what 'regret' actually means. I might regret not trying, but I might also regret failing.

SOCRATES:
## Questions to Consider:
1. **What would define "failing" in your business venture?** Is it running out of money, not meeting a specific sales target, or something else?
2. **How do you envision your life if you do fail at starting a business?** Would it be a return to your current corporate job, or something else?
3. **What's the relationship between taking risks and regrets for you?** Are you assuming that taking no risks leads to more regrets, or is there another relationship you see?

## Key Assumptions I'm Hearing:
1. **Failing at a business means it's a complete loss** - This might not be true, especially in the context of entrepreneurship, where learning and failure can often be valuable experiences.
2. **The current corporate job is a safe haven** - Are there potential downsides to returning to a corporate job that you're not considering?
3. **You're assuming a binary outcome** - Starting a business is not just about success or failure; there are many shades of gray in between.

## What You Might Explore:
- What's the timeline for starting your business, and what specific steps do you plan to take in the next few weeks or months?
- Have you considered networking with fellow entrepreneurs or seeking mentorship to prepare for the challenges of starting a business?
- What's the emotional difference between taking a calculated risk now and waiting until you feel more financially secure?


--- Turn 3 ---
USER: Financial security is something I've been avoiding thinking about honestly.

SOCRATES:
## Questions to Consider:
1. **What does financial security mean to you in this context?** Is it having a certain amount in savings, a specific income level, or something else?
2. **How does uncertainty about financial security impact your decision to start a business?** Are you worried about losing a steady income, or is there another concern?
3. **What role do you think fear of uncertainty plays in your desire to start a business?** Is it driving your decision, or is there another factor at play?

## Key Assumptions I'm Hearing:
1. **Financial security is a prerequisite for starting a business** - This assumption might not be universally true, as many entrepreneurs start businesses with limited financial resources.
2. **You're assuming a linear relationship between financial security and business success** - In reality, business success often involves navigating uncertainty and financial ups and downs.
3. **You're blaming fear of uncertainty for your hesitation** - Are there other, unacknowledged fears or concerns at play?

## What You Might Explore:
- What specific financial implications are you worried about if you leave your corporate job? Are you concerned about a loss of benefits, a decrease in income, or something else?
- Have you explored potential financial support options, such as savings, loans, or investors, to mitigate financial risks associated with starting a business?
- In what ways do you think your current financial situation might be influencing your perception of the risks and benefits of starting a business?


--- Session Synthesis ---
**Synthesis:**

**Key Insights:**

* The user's desire to avoid regrets is driving their consideration of leaving a stable corporate job to start their own business.
* The user is aware that starting a business involves uncertainty and risk, but is willing to take that risk to avoid potential regrets.
* The user's thinking has evolved to consider the possibility that their corporate job might provide a sense of security and stability that could actually help them achieve their business goals.

**Evolution of Thinking:**

* Initially, the user was focused on avoiding regrets and saw starting a business as the only way to do so.
* As the conversation progressed, the user began to consider alternative perspectives, such as viewing their corporate job as a stepping stone to gaining experience and building a network.
* The user also started to explore the emotional and psychological challenges of entrepreneurship, including uncertainty, isolation, and self-doubt.

**Important Questions Still Open:**

* What specific business idea do you have in mind, and what skills or experience do you bring to it?
* Are there any financial or logistical constraints that might affect your ability to start a business?
* How will you measure the success of your business, and what are the key performance indicators (KPIs) you'll use to determine whether you've made the right decision?

**Suggested Next Steps:**

* Continue to explore alternative perspectives on starting a business, including the idea of viewing your corporate job as a means to an end.
* Consider seeking out mentorship or networking with fellow entrepreneurs to prepare for the challenges of starting a business.
* Reflect on your own motivations for starting a business and whether they are driven by a genuine desire for career and personal growth, or other factors such as a desire for freedom or adventure.

============================================================
TESTING DOMAIN: Relationships
Topic: Setting boundaries with family
============================================================


--- Turn 1 ---
USER: My parents are too involved in my life and I need to set firm boundaries. They need to respect my independence.

SOCRATES:
It sounds like you're feeling a bit suffocated by their level of involvement. Can you tell me more about what you mean by "too involved"? What specific behaviors or actions are causing you to feel this way?

### Key Assumptions I'm Hearing:

* You're an adult and want to be treated as such.
* Your parents are overstepping boundaries that you've set or implied.
* You're seeking more autonomy and independence in your life.

### What You Might Explore:

* What are some specific situations where you feel your parents are overstepping? (e.g., calling you multiple times a day, showing up unannounced, etc.)
* How have you tried to communicate your boundaries to your parents in the past? What responses have you gotten?
* What does "respecting my independence" mean to you in this context? Is it about having more freedom to make your own decisions, or is it about having more emotional space?

### Probing Questions:

1.  Can you give me an example of a time when your parents overstepped a boundary that made you feel disrespected or unheard? How did you feel in that moment?
2.  How do you think your parents' behavior is impacting your sense of autonomy and independence?
3.  What are some non-negotiable boundaries you'd like to set with your parents to maintain a healthier dynamic?

Let's explore these questions together and see where they lead us.


--- Turn 2 ---
USER: I guess their involvement does come from love, even if it feels suffocating. Maybe it's not all negative.

SOCRATES:
It's possible that your parents' involvement is motivated by a desire to protect and care for you, even if it feels overwhelming at times. This can be a complex mix of emotions, especially when you're trying to establish your independence.

### Key Assumptions I'm Hearing:

* Your parents' involvement is coming from a place of love and concern.
* You're starting to see the potential benefits of their involvement, even if it's not always easy.
* You're looking for a way to navigate this dynamic and find a balance that works for everyone.

### What You Might Explore:

* What specific aspects of their involvement feel suffocating to you? Is it the constant calls, the advice, or something else?
* How do you think your parents would respond if you were to express your appreciation for their love and concern, while also setting clear boundaries?
* What would it mean for you to have a more balanced relationship with your parents, where you feel supported but also respected for your independence?

### Probing Questions:

1.  Can you think of a time when your parents' involvement helped you in a significant way? How did it make you feel?
2.  How do you think your parents would react if you were to have an open and honest conversation with them about your boundaries and needs?
3.  What would be the first step you'd take to start establishing clearer boundaries with your parents, while still maintaining a loving relationship?

Let's continue to explore this together and see how we can find a balance that works for everyone.


--- Turn 3 ---
USER: The question about what I actually want the relationship to look like made me pause.

SOCRATES:
It can be challenging to articulate what we want our relationships to look like, especially when we're used to having others define the dynamics. It's great that you're taking a step back to reflect on this.

### Key Assumptions I'm Hearing:

* You're recognizing the importance of having a clear vision for the relationship.
* You're acknowledging that your current situation might not align with what you truly want.
* You're open to exploring what a more ideal relationship with your parents would look like.

### What You Might Explore:

* What values or qualities do you want to see in your relationship with your parents? (e.g., respect, trust, open communication, etc.)
* How do you think your parents would respond if you were to share these values and expectations with them?
* What are some concrete changes you could make to start moving towards this more ideal relationship?

### Probing Questions:

1.  Can you imagine having a relationship with your parents where you feel completely understood and supported? What would that look like in your daily life?
2.  How do you think your parents' involvement might change if they understood your needs and boundaries more clearly?
3.  What's the smallest step you could take towards establishing a more balanced relationship with your parents, even if it feels scary or uncertain?

Let's continue to explore this together and see how we can bring your vision for the relationship into reality.


--- Session Synthesis ---
**Synthesis:**

**Key Insights:**

* The user's parents are involved in their life due to love and concern, but this involvement feels suffocating.
* The user is seeking to establish clearer boundaries to maintain a healthier dynamic and respect their independence.
* The user is recognizing the importance of articulating their vision for the relationship and is open to exploring what a more ideal relationship with their parents would look like.

**Evolution of Thinking:**

* Initially, the user saw their parents' involvement as purely negative, but as the conversation progressed, they began to acknowledge the potential benefits of their involvement.
* The user started to see that their parents' actions are motivated by a desire to protect and care for them, not just to control their life.
* The user is now recognizing the importance of having a clear vision for the relationship and is open to exploring what a more ideal relationship would look like.

**Important Questions Still Open:**

* What specific aspects of their parents' involvement feel suffocating to the user, and how can they communicate these boundaries effectively?
* How will the user's parents respond to open and honest communication about boundaries and needs?
* What are the concrete changes the user can make to start moving towards a more balanced relationship with their parents?

**Suggested Next Steps:**

* Reflect on specific situations where the user feels their parents are overstepping boundaries and identify what they need to communicate to their parents to establish clearer boundaries.
* Consider having an open and honest conversation with their parents about their boundaries and needs, and be prepared to listen to their perspective as well.
* Start small by taking one concrete step towards establishing a more balanced relationship, such as setting a specific boundary or having a regular check-in with their parents.

============================================================
TESTING DOMAIN: Personal Finance
Topic: Investing for the future
============================================================


--- Turn 1 ---
USER: I should invest aggressively while I'm young because time is on my side. I can always recover from losses.

SOCRATES:
That's a bold approach to investing! Before we dive into the specifics, can you help me understand what you mean by "aggressively"? Are you looking to take on more risk in your investments, such as investing in the stock market or taking on higher-interest loans? And when you say "recover from losses," are you thinking about the potential for long-term growth or the ability to quickly bounce back from setbacks?

I'm curious, what makes you think that your youth gives you an advantage in investing? Is it the idea that you have more time to ride out market fluctuations, or something else entirely?

Also, I'd love to explore what you mean by "losses." Are you thinking about the possibility of losing money, or something more abstract, like the risk of not achieving your financial goals?

Let's break this down further: what specific investment strategies or goals are you considering, and how do you think your youth will impact your ability to achieve them?


--- Turn 2 ---
USER: I haven't really defined what 'recover' means or what my actual risk tolerance is when markets drop.

SOCRATES:
It sounds like you might be jumping into investing without a clear understanding of your own risk tolerance and goals. This can make it difficult to develop a solid investment strategy.

Can you tell me more about what you're trying to achieve with your investments? Are you looking to save for a specific goal, like retirement or a down payment on a house? Or are you trying to grow your wealth over time?

Also, what do you think it means to "recover" from losses? Is it about getting back to where you started, or is it about achieving a specific level of wealth or financial stability?

Let's explore this further: if you were to lose a significant amount of money in the market, would that cause you financial stress or disrupt your daily life? Or would you be able to weather the storm and come out stronger on the other side?

Lastly, have you considered seeking the advice of a financial advisor or doing some research on investment strategies that align with your goals and risk tolerance?


--- Turn 3 ---
USER: The point about opportunity cost is something I didn't consider - what if I need that money sooner?

SOCRATES:
You're bringing up a crucial consideration that's often overlooked in discussions about investing aggressively. Opportunity cost is a powerful concept that can help us think more critically about our financial decisions.

Can you help me understand what you mean by "need that money sooner"? Are you thinking about a specific goal or expense that you anticipate in the near future, such as a down payment on a house or a major repair?

Let's drill down further: what is the specific timeline you're looking at, and what kind of expenses or goals do you anticipate having in that timeframe? Are you thinking in terms of months, years, or decades?

Also, I'd love to explore how you're thinking about liquidity and flexibility in your investments. Are you comfortable with the idea of tying up your money in investments that might take time to recover in case of a market downturn?

Lastly, what would happen if you were to need that money sooner than you anticipated? Would you be able to access it without incurring significant penalties or losses?


--- Session Synthesis ---
**Synthesis:**

**Key Insights:**

1. The user initially thought that investing aggressively was the best approach, but upon further reflection, they recognized the importance of considering their risk tolerance and goals.
2. They acknowledged the potential for opportunity cost, realizing that tying up money in investments might limit their access to funds in case of unexpected expenses.
3. The user began to think more critically about their financial goals and timelines, recognizing the need to balance short-term needs with long-term aspirations.

**Evolution of Thinking:**

The user's thinking evolved from a bold, aggressive approach to investing to a more nuanced understanding of their own financial situation and goals. They began to consider the importance of risk tolerance, opportunity cost, and liquidity, recognizing that these factors are essential in developing a sound investment strategy.

**Important Questions Still Open:**

1. What specific investment strategies or goals should the user prioritize?
2. How can the user balance their desire for long-term growth with the need for liquidity and flexibility?
3. What is the user's risk tolerance, and how can they develop a strategy that aligns with it?
4. How can the user ensure that their investments are aligned with their short-term and long-term financial goals?

**Suggested Next Steps:**

1. **Define clear financial goals:** The user should identify specific, measurable goals, such as saving for a down payment on a house or retirement.
2. **Assess risk tolerance:** The user should take a risk tolerance assessment to understand their comfort level with market fluctuations and potential losses.
3. **Research investment strategies:** The user should explore different investment options, such as index funds or dividend-paying stocks, that align with their goals and risk tolerance.
4. **Seek professional advice:** The user may benefit from consulting a financial advisor to develop a personalized investment plan that takes into account their unique circumstances and goals.

================================================================================
FINAL SUMMARY: DOES DATHINKER FORCE USERS TO THINK?
================================================================================


============================================================
Domain: Philosophy
Topic: The meaning of life
============================================================
Turns: 3
Total Questions Asked: 33
Total Insights Generated: 0
Agents Used: Advocate, Socrates

LLM Evaluation:
QUESTION_QUALITY: 9/10 - The agents asked a series of probing and thought-provoking questions that encouraged the user to reflect deeply on their beliefs about happiness, contentment, and meaning. The questions were well-structured and targeted, prompting the user to clarify their thoughts and consider different dimensions of their initial statements.

ASSUMPTION_CHALLENGE: 8/10 - The agents effectively challenged the user's assumptions about happiness being straightforward and universally defined. They introduced complexities surrounding the definitions of happiness and contentment, as well as the implications of making others happy, which encouraged the user to reconsider their stance.

PERSPECTIVE_EXPANSION: 9/10 - The conversation successfully expanded the user's perspective by introducing concepts such as the hedonic treadmill, the complexity of human emotions, and the idea of post-traumatic growth. This allowed the user to see their beliefs in a broader context and consider alternative viewpoints.

USER_ENGAGEMENT: 8/10 - The user appeared to be genuinely engaged in the conversation, as evidenced by their responses and willingness to reflect on their beliefs. Their acknowledgment of the complexity of happiness and contentment indicates that they were actively thinking about the topics discussed.

NO_DIRECT_ANSWERS: 10/10 - The agents avoided giving direct answers or advice, instead guiding the user through a process of self-discovery. This approach aligns with the Socratic method, encouraging the user to arrive at their own conclusions rather than relying on external guidance.

COGNITIVE_DEMAND: 9/10 - The interaction demanded significant mental effort from the user, as they were prompted to analyze their beliefs, consider alternative perspectives, and reflect on complex emotional states. The depth of the questions and the exploration of various concepts required the user to engage in higher-order thinking.

OVERALL: 9/10 - Overall, the conversation was highly effective in prompting the user to think critically about their beliefs regarding the meaning of life. The agents facilitated a rich dialogue that encouraged exploration and reflection, leading to a deeper understanding of the subject matter.

Did this achieve the goal of FORCING the user to think? YES

============================================================
Domain: Ethics
Topic: Moral dilemmas in AI
============================================================
Turns: 3
Total Questions Asked: 36
Total Insights Generated: 0
Agents Used: Socrates, Expander

LLM Evaluation:
QUESTION_QUALITY: 9/10 - The agents asked a variety of probing and thought-provoking questions that encouraged the user to reflect deeply on their initial statement. The questions were well-structured and relevant to the topic, facilitating a rich dialogue.

ASSUMPTION_CHALLENGE: 8/10 - The agents effectively challenged the user's assumptions about transparency and deception, particularly in the context of AI and therapeutic settings. They prompted the user to consider nuances that may not have been initially apparent.

PERSPECTIVE_EXPANSION: 9/10 - The agents offered new perspectives, such as the concept of "AI literacy" and the idea of white lies in human interactions. They also encouraged the user to think about how different contexts might influence the importance of transparency and deception.

USER_ENGAGEMENT: 9/10 - The user appeared to be genuinely engaged in the conversation, as evidenced by their thoughtful responses and willingness to reconsider their initial stance. The dialogue prompted the user to explore complex ideas and acknowledge the nuances of the topic.

NO_DIRECT_ANSWERS: 10/10 - The agents successfully avoided providing direct answers or advice, instead guiding the user through a process of exploration and reflection. This approach encouraged deeper thinking rather than simply providing information.

COGNITIVE_DEMAND: 9/10 - The interaction required significant mental effort from the user, as they had to analyze and synthesize various perspectives, consider implications, and reflect on their own beliefs about AI transparency and deception.

OVERALL: 9/10 - The conversation was highly effective in prompting the user to think critically about the complexities of AI transparency and deception. It successfully engaged the user in a meaningful exploration of ethical considerations in AI.

Did this achieve the goal of FORCING the user to think? YES

============================================================
Domain: Career Decisions
Topic: Changing careers at 40
============================================================
Turns: 3
Total Questions Asked: 50
Total Insights Generated: 0
Agents Used: Advocate, Socrates, Expander

LLM Evaluation:
QUESTION_QUALITY: 9/10 - The agents asked a series of probing and thought-provoking questions that encouraged the user to reflect deeply on their motivations, fears, and the implications of their decision. The questions were well-structured and relevant to the user's situation.

ASSUMPTION_CHALLENGE: 8/10 - The agents effectively challenged several of the user's assumptions, such as the belief that starting a business is the only way to avoid regrets and that leaving a corporate job is a straightforward decision. This helped the user to reconsider their perspective and recognize the complexity of their situation.

PERSPECTIVE_EXPANSION: 9/10 - The agents offered multiple new perspectives, including viewing the corporate job as a stepping stone and considering the potential future changes in the job market. These alternative frames encouraged the user to think beyond their initial binary view of the situation.

USER_ENGAGEMENT: 8/10 - The user appeared to be genuinely engaging with the conversation, reflecting on their thoughts and expressing their concerns about regret and financial security. Their responses indicated a willingness to explore deeper issues related to their decision.

NO_DIRECT_ANSWERS: 10/10 - The agents successfully avoided giving direct answers or advice, instead guiding the user through a process of self-exploration. This approach allowed the user to arrive at their own conclusions rather than relying on external guidance.

COGNITIVE_DEMAND: 9/10 - The interaction demanded significant mental effort from the user, as they were prompted to analyze their beliefs, fears, and the potential consequences of their decisions. The complexity of the questions and the depth of the discussion required careful consideration.

OVERALL: 9/10 - Overall, the conversation was highly effective in prompting the user to think critically about their career decision. The combination of probing questions, assumption challenges, and perspective expansion created a rich dialogue that encouraged deeper reflection.

Did this achieve the goal of FORCING the user to think? YES

============================================================
Domain: Relationships
Topic: Setting boundaries with family
============================================================
Turns: 3
Total Questions Asked: 36
Total Insights Generated: 0
Agents Used: Socrates

LLM Evaluation:
QUESTION_QUALITY: 9/10 - The agents asked a variety of probing and thought-provoking questions that encouraged the user to reflect deeply on their feelings, boundaries, and the nature of their relationship with their parents. The questions were open-ended and aimed at eliciting specific examples and insights.

ASSUMPTION_CHALLENGE: 8/10 - The agents effectively highlighted and challenged assumptions about the user's parents' motivations and the user’s own feelings about independence. They prompted the user to consider the complexity of the situation, which helped in reassessing initial perceptions.

PERSPECTIVE_EXPANSION: 8/10 - The conversation introduced new perspectives, particularly regarding the potential positive aspects of the parents' involvement and the importance of articulating a vision for the relationship. This helped the user to see the situation in a more nuanced way.

USER_ENGAGEMENT: 9/10 - The user demonstrated genuine engagement throughout the conversation, reflecting on their feelings and the dynamics of their relationship. Their responses indicated a willingness to think critically about their situation and explore solutions.

NO_DIRECT_ANSWERS: 10/10 - The agents successfully avoided giving direct answers or advice, instead guiding the user to find their own insights and solutions. This approach encourages self-discovery and personal growth.

COGNITIVE_DEMAND: 9/10 - The interaction required significant mental effort from the user as they were prompted to reflect on their experiences, articulate their needs, and envision a different relationship dynamic. This level of cognitive demand is beneficial for deeper understanding and personal development.

OVERALL: 9/10 - The conversation was highly effective in prompting the user to think critically about their relationship with their parents, explore their feelings, and consider actionable steps towards setting boundaries.

Did this achieve the goal of FORCING the user to think? YES

============================================================
Domain: Personal Finance
Topic: Investing for the future
============================================================
Turns: 3
Total Questions Asked: 0
Total Insights Generated: 0
Agents Used: Socrates

LLM Evaluation:
QUESTION_QUALITY: 9/10 - The agents asked a series of probing questions that encouraged the user to clarify their thoughts on aggressive investing, risk tolerance, and financial goals. The questions were well-structured and prompted deeper reflection.

ASSUMPTION_CHALLENGE: 8/10 - The agents effectively challenged the user's assumptions about aggressive investing and the concept of "recovering" from losses. They encouraged the user to consider the implications of their choices and the potential risks involved.

PERSPECTIVE_EXPANSION: 7/10 - The agents introduced the concept of opportunity cost and liquidity, which expanded the user's perspective on investing. However, there could have been more emphasis on alternative investment strategies or the importance of diversification.

USER_ENGAGEMENT: 9/10 - The user appeared to be genuinely engaged in the conversation, as evidenced by their acknowledgment of the importance of opportunity cost and their willingness to reflect on their risk tolerance and financial goals.

NO_DIRECT_ANSWERS: 10/10 - The agents successfully avoided giving direct answers or advice, instead guiding the user through a reflective process that allowed them to arrive at their own conclusions.

COGNITIVE_DEMAND: 8/10 - The interaction required the user to think critically about their financial situation, goals, and risk tolerance. The depth of questioning and the need to consider multiple factors increased the cognitive demand.

OVERALL: 8.5/10 - Overall, the conversation was effective in prompting the user to think critically about their approach to investing. It encouraged reflection on important financial concepts and considerations, leading to a more nuanced understanding of their situation.

Did this achieve the goal of FORCING the user to think? YES

================================================================================
OVERALL VERDICT
================================================================================
### Overall Assessment
DaThinker demonstrates a strong capacity to engage users across various domains, effectively prompting deep reflection and critical thinking. The high scores in question quality, cognitive demand, and user engagement indicate that the software successfully fosters meaningful dialogues. Each interaction encourages users to explore their beliefs, challenge assumptions, and expand their perspectives, resulting in a richer understanding of complex topics such as philosophy, ethics, career decisions, relationships, and personal finance. The consistent avoidance of direct answers aligns with a Socratic approach, facilitating self-discovery and personal growth.

Despite its strengths, there are areas for improvement, particularly in the domain of personal finance, where the perspective expansion could be enhanced. While the software excels in prompting critical thought, it could benefit from a more diverse range of perspectives and strategies to provide users with a more comprehensive understanding of financial concepts. Overall, DaThinker is a powerful tool for stimulating thought and reflection, with the potential to refine its approach in certain areas.

### Does the software achieve its goal of FORCING users to think?
**YES**

### Key Strengths Observed
1. **High-Quality Questions**: The software consistently poses probing and thought-provoking questions that encourage users to reflect deeply on their beliefs and experiences.
2. **Effective Assumption Challenges**: DaThinker adeptly identifies and challenges users' assumptions, prompting them to reconsider their perspectives and explore complexities.
3. **User Engagement**: Users demonstrate genuine engagement and willingness to reflect on their thoughts, indicating that the software successfully captivates their interest.
4. **Cognitive Demand**: The interactions require significant mental effort, fostering higher-order thinking and deeper understanding.

### Areas for Improvement
1. **Perspective Expansion in Personal Finance**: While the software introduces valuable concepts, there is room for improvement in offering a broader range of investment strategies and considerations.
2. **Diversity of Topics**: Expanding the breadth of topics covered, especially in personal finance, could enhance the overall user experience and provide more comprehensive insights.
3. **Feedback Mechanism**: Implementing a feedback mechanism could allow users to express their thoughts on the effectiveness of the questions and the depth of the conversation, leading to continuous improvement.

### Recommendation
It is recommended that DaThinker maintains its current strengths while focusing on enhancing the diversity of perspectives offered, particularly in personal finance. Incorporating a wider array of financial strategies and concepts could provide users with a more nuanced understanding of their situations. Additionally, implementing a feedback mechanism could facilitate ongoing refinement of the software, ensuring that it continues to meet users' needs effectively. Overall, DaThinker is a valuable tool for fostering critical thinking and self-reflection, with the potential for further growth and enhancement.
